// Jest Snapshot v1, https://goo.gl/fbAQLP

exports[`renders correctly 1`] = `
<View
  style={
    {
      "backgroundColor": "#333",
      "flex": 1,
    }
  }
>
  <View
    onMoveShouldSetResponder={[Function]}
    onMoveShouldSetResponderCapture={[Function]}
    onResponderEnd={[Function]}
    onResponderGrant={[Function]}
    onResponderMove={[Function]}
    onResponderReject={[Function]}
    onResponderRelease={[Function]}
    onResponderStart={[Function]}
    onResponderTerminate={[Function]}
    onResponderTerminationRequest={[Function]}
    onStartShouldSetResponder={[Function]}
    onStartShouldSetResponderCapture={[Function]}
    style={
      {
        "backgroundColor": "transparent",
        "flex": 1,
      }
    }
  >
    <View
      collapsable={false}
      style={
        {
          "flex": 1,
          "zIndex": 0,
        }
      }
    >
      <RCTSafeAreaView
        style={
          {
            "backgroundColor": "#333",
            "flex": 1,
          }
        }
      >
        <View
          style={
            {
              "alignItems": "center",
              "backgroundColor": "#333",
              "flexDirection": "row",
              "justifyContent": "space-between",
              "paddingBottom": 10,
            }
          }
        >
          <View
            style={
              {
                "paddingHorizontal": 5,
              }
            }
          >
            <View
              accessibilityState={
                {
                  "busy": undefined,
                  "checked": undefined,
                  "disabled": undefined,
                  "expanded": undefined,
                  "selected": undefined,
                }
              }
              accessibilityValue={
                {
                  "max": undefined,
                  "min": undefined,
                  "now": undefined,
                  "text": undefined,
                }
              }
              accessible={true}
              collapsable={false}
              focusable={true}
              onClick={[Function]}
              onResponderGrant={[Function]}
              onResponderMove={[Function]}
              onResponderRelease={[Function]}
              onResponderTerminate={[Function]}
              onResponderTerminationRequest={[Function]}
              onStartShouldSetResponder={[Function]}
              style={
                {
                  "opacity": 1,
                  "paddingHorizontal": 10,
                  "paddingVertical": 5,
                  "width": 40,
                }
              }
            >
              <Text
                style={
                  [
                    {
                      "color": "#eee",
                      "fontFamily": "Gill Sans",
                      "fontSize": 20,
                      "fontWeight": "bold",
                      "textAlign": "center",
                    },
                    false,
                  ]
                }
              >
                #
              </Text>
            </View>
          </View>
          <View
            accessibilityState={
              {
                "busy": undefined,
                "checked": undefined,
                "disabled": undefined,
                "expanded": undefined,
                "selected": undefined,
              }
            }
            accessibilityValue={
              {
                "max": undefined,
                "min": undefined,
                "now": undefined,
                "text": undefined,
              }
            }
            accessible={true}
            collapsable={false}
            focusable={true}
            onClick={[Function]}
            onResponderGrant={[Function]}
            onResponderMove={[Function]}
            onResponderRelease={[Function]}
            onResponderTerminate={[Function]}
            onResponderTerminationRequest={[Function]}
            onStartShouldSetResponder={[Function]}
            style={
              {
                "opacity": 1,
              }
            }
          >
            <Text
              style={
                {
                  "color": "#eee",
                  "fontFamily": "Thonburi",
                  "fontSize": 15,
                  "fontWeight": "bold",
                }
              }
            />
          </View>
          <View
            style={
              {
                "paddingHorizontal": 5,
              }
            }
          >
            <View
              accessibilityState={
                {
                  "busy": undefined,
                  "checked": undefined,
                  "disabled": undefined,
                  "expanded": undefined,
                  "selected": undefined,
                }
              }
              accessibilityValue={
                {
                  "max": undefined,
                  "min": undefined,
                  "now": undefined,
                  "text": undefined,
                }
              }
              accessible={true}
              collapsable={false}
              focusable={false}
              onClick={[Function]}
              onResponderGrant={[Function]}
              onResponderMove={[Function]}
              onResponderRelease={[Function]}
              onResponderTerminate={[Function]}
              onResponderTerminationRequest={[Function]}
              onStartShouldSetResponder={[Function]}
              style={
                {
                  "opacity": 1,
                  "paddingHorizontal": 10,
                  "paddingVertical": 5,
                  "width": 40,
                }
              }
            >
              <Image
                source={1}
              />
            </View>
          </View>
        </View>
        <View
          style={
            {
              "backgroundColor": "#222",
              "flex": 1,
            }
          }
        />
      </RCTSafeAreaView>
    </View>
    <View
      accessibilityState={
        {
          "busy": undefined,
          "checked": undefined,
          "disabled": undefined,
          "expanded": undefined,
          "selected": undefined,
        }
      }
      accessible={true}
      collapsable={false}
      focusable={true}
      onClick={[Function]}
      onResponderGrant={[Function]}
      onResponderMove={[Function]}
      onResponderRelease={[Function]}
      onResponderTerminate={[Function]}
      onResponderTerminationRequest={[Function]}
      onStartShouldSetResponder={[Function]}
      pointerEvents="none"
      style={
        {
          "backgroundColor": "#000",
          "bottom": 0,
          "left": 0,
          "opacity": 0,
          "position": "absolute",
          "right": 0,
          "top": 0,
          "zIndex": 1000,
        }
      }
    />
    <View
      accessibilityViewIsModal={false}
      collapsable={false}
      style={
        {
          "backgroundColor": undefined,
          "bottom": 0,
          "left": 0,
          "position": "absolute",
          "right": null,
          "top": 0,
          "transform": [
            {
              "translateX": -320,
            },
          ],
          "width": 320,
          "zIndex": 1001,
        }
      }
    >
      <View
        style={
          {
            "backgroundColor": "#121212",
            "flex": 1,
          }
        }
      >
        <View
          style={
            {
              "height": 30,
            }
          }
        />
        <RCTScrollView
          data={
            [
              {
                "full_name": "irc.freenode.#weechat",
                "id": "1",
                "local_variables": {
                  "type": "channel",
                },
                "short_name": "#weechat",
              },
            ]
          }
          getItem={[Function]}
          getItemCount={[Function]}
          keyExtractor={[Function]}
          onContentSizeChange={[Function]}
          onLayout={[Function]}
          onMomentumScrollBegin={[Function]}
          onMomentumScrollEnd={[Function]}
          onScroll={[Function]}
          onScrollBeginDrag={[Function]}
          onScrollEndDrag={[Function]}
          removeClippedSubviews={false}
          renderItem={[Function]}
          scrollEventThrottle={50}
          stickyHeaderIndices={[]}
          style={
            {
              "backgroundColor": "#121212",
              "flex": 1,
            }
          }
          viewabilityConfigCallbackPairs={[]}
        >
          <View>
            <View
              onFocusCapture={[Function]}
              onLayout={[Function]}
              style={null}
            >
              <View
                accessibilityValue={
                  {
                    "max": undefined,
                    "min": undefined,
                    "now": undefined,
                    "text": undefined,
                  }
                }
                accessible={true}
                focusable={true}
                onClick={[Function]}
                onResponderGrant={[Function]}
                onResponderMove={[Function]}
                onResponderRelease={[Function]}
                onResponderTerminate={[Function]}
                onResponderTerminationRequest={[Function]}
                onStartShouldSetResponder={[Function]}
                style={
                  [
                    {
                      "flex": 1,
                      "height": 40,
                      "justifyContent": "center",
                      "paddingHorizontal": 20,
                    },
                    null,
                  ]
                }
              >
                <View
                  style={
                    {
                      "flexDirection": "row",
                    }
                  }
                >
                  <View
                    style={
                      {
                        "flex": 1,
                      }
                    }
                  >
                    <Text
                      style={
                        [
                          {
                            "color": "#eee",
                            "fontFamily": "Thonburi",
                            "fontSize": 15,
                            "fontWeight": "bold",
                          },
                          null,
                        ]
                      }
                    >
                      #weechat
                    </Text>
                  </View>
                </View>
              </View>
            </View>
          </View>
        </RCTScrollView>
      </View>
    </View>
  </View>
</View>
`;
